[usa.dtdc.com/index.html]
[backblue.gif]
[fade.gif]
[index.html]
[usa.dtdc.com/rss.xml]
[usa.dtdc.com/sites/usa.dtdc.com/themes/usa_dtdc/favicon.ico]
[consent.cookiebot.com/uc.js]
[usa.dtdc.com/sites/usa.dtdc.com/files/css/css_lQaZfjVpwP_oGNqdtWCSpJT1EMqXdMiU84ekLLxQnc4.css]
[usa.dtdc.com/sites/usa.dtdc.com/files/css/css_vZ_wrMQ9Og-YPPxa1q4us3N7DsZMJa-14jShHgRoRNo.css]
[usa.dtdc.com/sites/usa.dtdc.com/files/css/css_G8-qBIcAzonkPTT9CuydwwFsZG0cvxkIyf9e8DHEpv0.css]
[usa.dtdc.com/sites/usa.dtdc.com/files/css/css_yqC3WNzkgxRwKhbJNWxr7toQ0ozy46OkKoOjopEDlo8.css]
[usa.dtdc.com/sites/usa.dtdc.com/files/css/css_lCVLOsdkvt8PtsaUast0T7B0lgYk3AbgLto9nsoGg1E.css]
[www.google-analytics.com/analytics.js]
[netdna.bootstrapcdn.com/bootstrap/3.0.2/css/bootstrap.min.css]
[usa.dtdc.com/sites/usa.dtdc.com/files/js/js__RLT4dZVyHjWeb0BjcozDX9y9EHfZf6b8wS_bg87Zl8.js]
[netdna.bootstrapcdn.com/bootstrap/3.0.2/js/bootstrap.min.js]
[usa.dtdc.com/sites/usa.dtdc.com/files/js/js_obFUyTbqtcoGQtszVI46l1_oD927PzlDtlr_ilpYBqE.js]
[usa.dtdc.com/sites/usa.dtdc.com/files/js/js_J_hRSUpGpeVFmgZqCHPa0g-Vkx9LGL3CkaPFIZwV_i8.js]
[usa.dtdc.com/sites/usa.dtdc.com/files/js/js_WhjT9uYzCAAGnRgJaISwsSfPsQbOFFCOx9m2fCRcUno.js]
[usa.dtdc.com/about-us.html]
[usa.dtdc.com/international-logistics-trucking-services.html]
[usa.dtdc.com/track.html]
[usa.dtdc.com/custom-support-for-international-express-delivery.html]
[usa.dtdc.com/business-network.html]
[usa.dtdc.com/careers.html]
[usa.dtdc.com/contact-us-for-international-courier-shipping-services.html]
[usa.dtdc.com/sites/usa.dtdc.com/themes/usa_dtdc/images/dtdc_logo.png]
[usa.dtdc.com/sites/usa.dtdc.com/files/styles/slider_/public/banner/usa6487.jpg]
[usa.dtdc.com/sites/usa.dtdc.com/files/styles/slider_/public/banner/banner114d19.jpg]
[usa.dtdc.com/sites/usa.dtdc.com/files/styles/slider_/public/banner/banner22790f.jpg]
[usa.dtdc.com/sites/usa.dtdc.com/files/styles/slider_/public/banner/banner33bd93.jpg]
[usa.dtdc.com/sites/usa.dtdc.com/files/ecommerce11_2.png]
[usa.dtdc.com/sites/usa.dtdc.com/files/inter_national11_0.png]
[usa.dtdc.com/sites/usa.dtdc.com/files/ithumbnail11_0.png]
[usa.dtdc.com/sites/usa.dtdc.com/files/efulfilment11_0.png]
[usa.dtdc.com/terms-conditions.html]
[usa.dtdc.com/privacy-policy.html]
[usa.dtdc.com/cookie-policy.html]
[usa.dtdc.com/prohibited-restricted-goods.html]
[usa.dtdc.com/sites/uae.dtdc.com/themes/uae_dtdc/images/facebook.png]
[usa.dtdc.com/sites/uae.dtdc.com/themes/uae_dtdc/images/linkedin.png]
[usa.dtdc.com/sites/uae.dtdc.com/themes/uae_dtdc/images/twitter.png]
[usa.dtdc.com/tracking/index.html]
[usa.dtdc.com/sites/uae.dtdc.com/themes/uae_dtdc/images/googleplus.png]
[usa.dtdc.com/sites/uae.dtdc.com/themes/uae_dtdc/images/youtube.png]
[usa.dtdc.com/sites/usa.dtdc.com/files/styles/popup_slider/public/KYC_Banner_KYC133c.jpg]
[usa.dtdc.com/themes/usa_dtdc/documents/DTDC_KYC_Authorization_Letter.pdf]
[usa.dtdc.com/index.html]
[usa.dtdc.com/sites/usa.dtdc.com/files/js/js_B2uv6dkjoYobfQVyuXdchgrpnnx4oM0TkP_bDVf8Qrg.js]
[usa.dtdc.com/misc/throbber-inactive.png]
[usa.dtdc.com/misc/throbber-active.gif]
[usa.dtdc.com/misc/grippie.png]
[usa.dtdc.com/misc/draggable.png]
[usa.dtdc.com/misc/tree.png]
[usa.dtdc.com/misc/tree-bottom.png]
[usa.dtdc.com/sites/usa.dtdc.com/files/css/css_lQaZfjVpwP_oGNqdtWCSpJT1EMqXdMiU84ekLLxQnc4.css]
[usa.dtdc.com/sites/usa.dtdc.com/files/css/css_vZ_wrMQ9Og-YPPxa1q4us3N7DsZMJa-14jShHgRoRNo.css]
[usa.dtdc.com/sites/usa.dtdc.com/files/css/css_G8-qBIcAzonkPTT9CuydwwFsZG0cvxkIyf9e8DHEpv0.css]
[usa.dtdc.com/sites/all/modules/contrib/colorbox/styles/stockholmsyndrome/images/controls.png]
[usa.dtdc.com/sites/all/modules/contrib/colorbox/styles/stockholmsyndrome/images/loading_animation.gif]
[usa.dtdc.com/sites/all/modules/contrib/ctools/images/status-active.gif]
[usa.dtdc.com/sites/all/libraries/nivo-slider/themes/default/loading.gif]
[usa.dtdc.com/sites/all/libraries/nivo-slider/themes/default/bullets.png]
[usa.dtdc.com/sites/all/libraries/nivo-slider/themes/default/arrows.png]
[usa.dtdc.com/sites/usa.dtdc.com/files/css/css_yqC3WNzkgxRwKhbJNWxr7toQ0ozy46OkKoOjopEDlo8.css]
[netdna.bootstrapcdn.com/bootstrap/3.0.2/css/bootstrap.min.css]
[usa.dtdc.com/sites/usa.dtdc.com/themes/usa_dtdc/fonts/Gotham-Mediumd41d.eot]
[usa.dtdc.com/sites/usa.dtdc.com/themes/usa_dtdc/fonts/Gotham-Medium.otf]
[usa.dtdc.com/sites/usa.dtdc.com/themes/usa_dtdc/fonts/Gotham-Medium.woff]
[usa.dtdc.com/sites/usa.dtdc.com/themes/usa_dtdc/fonts/Gotham-Medium.ttf]
[usa.dtdc.com/sites/usa.dtdc.com/themes/usa_dtdc/fonts/Buenard-Regulard41d.eot]
[usa.dtdc.com/sites/usa.dtdc.com/themes/usa_dtdc/fonts/Buenard-Regular.otf]
[usa.dtdc.com/sites/usa.dtdc.com/themes/usa_dtdc/fonts/Buenard-Regular.woff]
[usa.dtdc.com/sites/usa.dtdc.com/themes/usa_dtdc/fonts/Buenard-Regular.ttf]
[usa.dtdc.com/sites/usa.dtdc.com/themes/usa_dtdc/images/flag_india.gif]
[usa.dtdc.com/sites/usa.dtdc.com/themes/usa_dtdc/images/UnitedStates.png]
[usa.dtdc.com/sites/usa.dtdc.com/themes/usa_dtdc/images/UnitedKingdom.png]
[usa.dtdc.com/sites/usa.dtdc.com/themes/usa_dtdc/images/UnitedArabEmirates.jpg]
[usa.dtdc.com/sites/usa.dtdc.com/themes/usa_dtdc/images/Canadian.png]
[usa.dtdc.com/sites/usa.dtdc.com/themes/usa_dtdc/images/china.png]
[usa.dtdc.com/sites/usa.dtdc.com/themes/usa_dtdc/images/srilanka.png]
[usa.dtdc.com/sites/usa.dtdc.com/themes/usa_dtdc/images/germanyflag.png]
[usa.dtdc.com/sites/usa.dtdc.com/themes/usa_dtdc/images/Hongkong.png]
[usa.dtdc.com/sites/usa.dtdc.com/themes/usa_dtdc/images/Singapore.gif]
[usa.dtdc.com/sites/usa.dtdc.com/themes/usa_dtdc/images/nepal.png]
[usa.dtdc.com/sites/usa.dtdc.com/themes/usa_dtdc/images/bangladesh.png]
[usa.dtdc.com/sites/usa.dtdc.com/themes/usa_dtdc/images/flags.png]
[usa.dtdc.com/sites/usa.dtdc.com/themes/usa_dtdc/images/Australia.png]
[usa.dtdc.com/sites/usa.dtdc.com/themes/usa_dtdc/images/kenya.png]
[usa.dtdc.com/sites/usa.dtdc.com/themes/usa_dtdc/images/Oman.png]
[usa.dtdc.com/sites/usa.dtdc.com/themes/usa_dtdc/images/Pakistan.png]
[usa.dtdc.com/sites/usa.dtdc.com/themes/usa_dtdc/images/Malaysia.gif]
[usa.dtdc.com/sites/usa.dtdc.com/themes/usa_dtdc/images/nz.png]
[usa.dtdc.com/sites/usa.dtdc.com/themes/usa_dtdc/images/israel.jpg]
[usa.dtdc.com/sites/usa.dtdc.com/themes/usa_dtdc/images/bg-reachus.jpg]
[usa.dtdc.com/sites/usa.dtdc.com/themes/usa_dtdc/images/search.png]
[usa.dtdc.com/sites/usa.dtdc.com/themes/usa_dtdc/images/search.jpg]
[usa.dtdc.com/sites/usa.dtdc.com/themes/usa_dtdc/images/track.jpg]
[usa.dtdc.com/sites/usa.dtdc.com/themes/usa_dtdc/images/ebook.jpg]
[usa.dtdc.com/sites/usa.dtdc.com/themes/usa_dtdc/images/services.png]
[usa.dtdc.com/sites/usa.dtdc.com/themes/usa_dtdc/images/spclofrbg.png]
[usa.dtdc.com/sites/usa.dtdc.com/themes/usa_dtdc/images/track-banner.jpg]
[usa.dtdc.com/sites/usa.dtdc.com/themes/usa_dtdc/images/network_banner.png]
[usa.dtdc.com/sites/usa.dtdc.com/themes/usa_dtdc/images/aboutusbanner.png]
[usa.dtdc.com/sites/usa.dtdc.com/themes/usa_dtdc/images/careers.jpg]
[usa.dtdc.com/sites/usa.dtdc.com/themes/usa_dtdc/images/kyc.jpg]
[usa.dtdc.com/sites/usa.dtdc.com/themes/usa_dtdc/images/home_white_logo.png]
[usa.dtdc.com/sites/all/themes/dtdc/images/title_border.png]
[usa.dtdc.com/sites/usa.dtdc.com/themes/usa_dtdc/images/booked2.png]
[usa.dtdc.com/sites/usa.dtdc.com/themes/usa_dtdc/images/controls.png]
[usa.dtdc.com/sites/usa.dtdc.com/themes/usa_dtdc/fonts/ROBOTO-LIGHT.eot]
[usa.dtdc.com/sites/usa.dtdc.com/themes/usa_dtdc/fonts/ROBOTO-LIGHT.woff]
[usa.dtdc.com/sites/usa.dtdc.com/themes/usa_dtdc/fonts/ROBOTO-LIGHT.ttf]
[usa.dtdc.com/sites/usa.dtdc.com/themes/usa_dtdc/fonts/ROBOTO-LIGHT.svg]
[usa.dtdc.com/sites/usa.dtdc.com/themes/usa_dtdc/fonts/segoe-ui-bold.eot]
[usa.dtdc.com/sites/usa.dtdc.com/themes/usa_dtdc/fonts/segoe-ui-bold.woff]
[usa.dtdc.com/sites/usa.dtdc.com/themes/usa_dtdc/fonts/segoe-ui-bold.ttf]
[usa.dtdc.com/sites/usa.dtdc.com/themes/usa_dtdc/fonts/segoe-ui-bold.svg]
[usa.dtdc.com/sites/usa.dtdc.com/themes/usa_dtdc/fonts/proximanovalight.eot]
[usa.dtdc.com/sites/usa.dtdc.com/themes/usa_dtdc/fonts/proximanovalight.woff]
[usa.dtdc.com/sites/usa.dtdc.com/themes/usa_dtdc/fonts/proximanovalight.ttf]
[usa.dtdc.com/sites/usa.dtdc.com/themes/usa_dtdc/fonts/proximanovalight.svg]
[usa.dtdc.com/sites/usa.dtdc.com/themes/usa_dtdc/fonts/proximanova-bold.eot]
[usa.dtdc.com/sites/usa.dtdc.com/themes/usa_dtdc/fonts/proximanova-bold.woff]
[usa.dtdc.com/sites/usa.dtdc.com/themes/usa_dtdc/fonts/proximanova-bold.ttf]
[usa.dtdc.com/sites/usa.dtdc.com/themes/usa_dtdc/fonts/proximanova-bold.svg]
[usa.dtdc.com/sites/usa.dtdc.com/themes/usa_dtdc/fonts/fontawesome-webfont78ce.eot]
[usa.dtdc.com/sites/usa.dtdc.com/themes/usa_dtdc/fonts/fontawesome-webfontd41d.eot]
[usa.dtdc.com/sites/usa.dtdc.com/themes/usa_dtdc/fonts/fontawesome-webfont78ce.woff]
[usa.dtdc.com/sites/usa.dtdc.com/themes/usa_dtdc/fonts/fontawesome-webfont78ce.ttf]
[usa.dtdc.com/sites/usa.dtdc.com/themes/usa_dtdc/fonts/fontawesome-webfont78ce.svg]
[usa.dtdc.com/sites/usa.dtdc.com/themes/usa_dtdc/css/images/loading.gif]
[usa.dtdc.com/sites/usa.dtdc.com/themes/usa_dtdc/images/ebooking-new.png]
[usa.dtdc.com/sites/usa.dtdc.com/themes/usa_dtdc/images/track-new.png]
[usa.dtdc.com/sites/usa.dtdc.com/files/css/css_lCVLOsdkvt8PtsaUast0T7B0lgYk3AbgLto9nsoGg1E.css]
[www.googletagmanager.com/gtm5445.html]
[usa.dtdc.com/node/1.html]
[usa.dtdc.com/sites/usa.dtdc.com/files/css/css_RASUsN7p4mJBgl5Uh14kMjJPZ9bW1byBxUM9vKPnXnI.css]
[usa.dtdc.com/sites/usa.dtdc.com/files/js/js_Ir3ETaVhCwv0Ef-rEA-VNy9ZkY0hTCDoTvuLnFaYHsk.js]
[usa.dtdc.com/about-us.html]
[usa.dtdc.com/node/121.html]
[usa.dtdc.com/vef/load/e1747c34b607ebeead9267093e12ea21.html]
[usa.dtdc.com/sites/usa.dtdc.com/files/ecommerce11_1.png]
[usa.dtdc.com/sites/usa.dtdc.com/files/inter_national11.png]
[usa.dtdc.com/sites/usa.dtdc.com/files/efulfilment11.png]
[usa.dtdc.com/sites/usa.dtdc.com/files/ithumbnail11.png]
[usa.dtdc.com/international-logistics-trucking-services.html]
[usa.dtdc.com/node/86.html]
[usa.dtdc.com/track.html]
[usa.dtdc.com/modules/file/icons/x-office-spreadsheet.png]
[usa.dtdc.com/sites/usa.dtdc.com/files/cominvoice.xls]
[usa.dtdc.com/modules/file/icons/x-office-document.png]
[usa.dtdc.com/sites/usa.dtdc.com/files/sdf_1.doc]
[usa.dtdc.com/sites/usa.dtdc.com/files/scd_inv.xls]
[usa.dtdc.com/sites/usa.dtdc.com/files/com.doc]
[usa.dtdc.com/sites/usa.dtdc.com/files/bank.doc]
[usa.dtdc.com/sites/usa.dtdc.com/files/invoice_1.xls]
[usa.dtdc.com/sites/usa.dtdc.com/files/Uninsured Items List.doc]
[usa.dtdc.com/sites/usa.dtdc.com/files/dhl_inv.xls]
[usa.dtdc.com/sites/usa.dtdc.com/files/FEDEX_INV.xls]
[usa.dtdc.com/sites/usa.dtdc.com/files/tnt_INV.xls]
[usa.dtdc.com/sites/usa.dtdc.com/files/ups_INV_1.xls]
[usa.dtdc.com/custom-support-for-international-express-delivery.html]
[usa.dtdc.com/node/81.html]
[usa.dtdc.com/sites/usa.dtdc.com/files/css/css_fy-gfppDj4k4dRnr_pOLPRdXV-YB7_CoIfabAUuA84o.css]
[usa.dtdc.com/sites/usa.dtdc.com/files/js/js_2hSehhzF3MGHj7UmK8XmCGqei9Kiff14W4-uhUqgo-0.js]
[usa.dtdc.com/sites/canada.dtdc.com/themes/ca_dtdc/images/map.png]
[usa.dtdc.com/business-network.html]
[usa.dtdc.com/node/76.html]
[usa.dtdc.com/sites/usa.dtdc.com/files/js/js_PBl71yFzGRc8y55GmJeo-VK6-qa5NQi5nQOwYu9UOTE.js]
[usa.dtdc.com/sites/usa.dtdc.com/files/currentop.jpg]
[usa.dtdc.com/sites/usa.dtdc.com/files/work1.png]
[usa.dtdc.com/sites/usa.dtdc.com/files/oppurtunity11.png]
[usa.dtdc.com/careers.html]
[usa.dtdc.com/node/17.html]
[usa.dtdc.com/sites/usa.dtdc.com/themes/usa_dtdc/images/locater.png]
[usa.dtdc.com/sites/usa.dtdc.com/themes/usa_dtdc/images/phone.png]
[usa.dtdc.com/sites/usa.dtdc.com/themes/usa_dtdc/images/mail.png]
[usa.dtdc.com/contact-us-for-international-courier-shipping-services.html]
[usa.dtdc.com/tracking.html]
[usa.dtdc.com/tracking/index.html]
[usa.dtdc.com/node/111.html]
[usa.dtdc.com/terms-conditions.html]
[usa.dtdc.com/node/116.html]
[usa.dtdc.com/privacy-policy.html]
[usa.dtdc.com/node/151.html]
[usa.dtdc.com/sites/uk.dtdc.com/themes/uk_dtdc/images/dtdc_logo.png]
[usa.dtdc.com/cookie-policy.html]
[usa.dtdc.com/node/176.html]
[usa.dtdc.com/prohibited-restricted-goods.html]
[usa.dtdc.com/themes/usa_dtdc/documents/DTDC_KYC_Authorization_Letter.html]
[usa.dtdc.com/sites/usa.dtdc.com/themes/usa_dtdc/fonts/Gotham-Medium.svg]
[usa.dtdc.com/sites/usa.dtdc.com/themes/usa_dtdc/fonts/Buenard-Regulard41d.html]
[usa.dtdc.com/sites/usa.dtdc.com/themes/usa_dtdc/images/flags.html]
[usa.dtdc.com/sites/usa.dtdc.com/themes/usa_dtdc/images/booked2.html]
[usa.dtdc.com/sites/usa.dtdc.com/themes/usa_dtdc/fonts/ROBOTO-LIGHT.html]
[usa.dtdc.com/sites/usa.dtdc.com/themes/usa_dtdc/fonts/ROBOTO-LIGHT-2.html]
[usa.dtdc.com/sites/usa.dtdc.com/themes/usa_dtdc/fonts/ROBOTO-LIGHT-3.html]
[usa.dtdc.com/sites/usa.dtdc.com/themes/usa_dtdc/fonts/ROBOTO-LIGHT-4.html]
[usa.dtdc.com/sites/usa.dtdc.com/themes/usa_dtdc/fonts/segoe-ui-bold.html]
[usa.dtdc.com/sites/usa.dtdc.com/themes/usa_dtdc/fonts/segoe-ui-bold-2.html]
[usa.dtdc.com/sites/usa.dtdc.com/themes/usa_dtdc/fonts/segoe-ui-bold-3.html]
[usa.dtdc.com/sites/usa.dtdc.com/themes/usa_dtdc/fonts/segoe-ui-bold-4.html]
[usa.dtdc.com/sites/usa.dtdc.com/themes/usa_dtdc/fonts/proximanovalight.html]
[usa.dtdc.com/sites/usa.dtdc.com/themes/usa_dtdc/fonts/proximanovalight-2.html]
[usa.dtdc.com/sites/usa.dtdc.com/themes/usa_dtdc/fonts/proximanovalight-3.html]
[usa.dtdc.com/sites/usa.dtdc.com/themes/usa_dtdc/fonts/proximanovalight-4.html]
[usa.dtdc.com/sites/usa.dtdc.com/themes/usa_dtdc/fonts/proximanova-bold.html]
[usa.dtdc.com/sites/usa.dtdc.com/themes/usa_dtdc/fonts/proximanova-bold-2.html]
[usa.dtdc.com/sites/usa.dtdc.com/themes/usa_dtdc/fonts/proximanova-bold-3.html]
[usa.dtdc.com/sites/usa.dtdc.com/themes/usa_dtdc/fonts/proximanova-bold-4.html]
[usa.dtdc.com/sites/usa.dtdc.com/themes/usa_dtdc/fonts/fontawesome-webfont78ce.html]
[usa.dtdc.com/sites/usa.dtdc.com/themes/usa_dtdc/fonts/fontawesome-webfontd41d.html]
[usa.dtdc.com/sites/usa.dtdc.com/themes/usa_dtdc/fonts/fontawesome-webfont78ce-2.html]
[usa.dtdc.com/sites/usa.dtdc.com/themes/usa_dtdc/fonts/fontawesome-webfont78ce-3.html]
[usa.dtdc.com/sites/usa.dtdc.com/themes/usa_dtdc/fonts/fontawesome-webfont78ce-4.html]
[usa.dtdc.com/sites/usa.dtdc.com/themes/usa_dtdc/css/images/loading.html]
[usa.dtdc.com/node/sites/usa.dtdc.com/themes/usa_dtdc/images/dtdc_logo.png]
[usa.dtdc.com/node/1.html]
[usa.dtdc.com/sites/usa.dtdc.com/files/css/css_RASUsN7p4mJBgl5Uh14kMjJPZ9bW1byBxUM9vKPnXnI.css]
[usa.dtdc.com/node/121.html]
[usa.dtdc.com/vef/load/e1747c34b607ebeead9267093e12ea21.html]
[usa.dtdc.com/node/86.html]
[usa.dtdc.com/node/sites/canada.dtdc.com/themes/ca_dtdc/images/map.png]
[usa.dtdc.com/node/81.html]
[usa.dtdc.com/sites/usa.dtdc.com/files/css/css_fy-gfppDj4k4dRnr_pOLPRdXV-YB7_CoIfabAUuA84o.css]
[usa.dtdc.com/node/76.html]
[usa.dtdc.com/node/sites/usa.dtdc.com/themes/usa_dtdc/images/locater.png]
[usa.dtdc.com/node/sites/usa.dtdc.com/themes/usa_dtdc/images/phone.png]
[usa.dtdc.com/node/sites/usa.dtdc.com/themes/usa_dtdc/images/mail.png]
[usa.dtdc.com/node/17.html]
[usa.dtdc.com/tracking.html]
[usa.dtdc.com/node/111.html]
[usa.dtdc.com/node/116.html]
[usa.dtdc.com/node/151.html]
[usa.dtdc.com/node/176.html]
[usa.dtdc.com/node/sites/usa.dtdc.com/themes/usa_dtdc/images/dtdc_logo.html]
[usa.dtdc.com/node/sites/canada.dtdc.com/themes/ca_dtdc/images/map.html]
[dev.malaysia.dtdc.com/sites/canada.dtdc.com/themes/ca_dtdc/images/DTDC-banner.html]
[usa.dtdc.com/node/sites/usa.dtdc.com/themes/usa_dtdc/images/locater.html]
[usa.dtdc.com/node/sites/usa.dtdc.com/themes/usa_dtdc/images/phone.html]
[usa.dtdc.com/node/sites/usa.dtdc.com/themes/usa_dtdc/images/mail.html]
